
> videoboutique@0.1.0 build
> next build

node.exe : [baseline-browser-mapping] 
The data in this module is over two 
months old.  To ensure accurate 
Baseline data, please update: `npm i 
baseline-browser-mapping@latest -D`
Au caractère C:\Program 
Files\nodejs\npm.ps1:29 : 3
+   & $NODE_EXE $NPM_CLI_JS $args
+   ~~~~~~~~~~~~~~~~~~~~~~~~~~~~~
    + CategoryInfo          : NotSpecif 
   ied: ([baseline-brows...ping@latest  
   -D`:String) [], RemoteException
    + FullyQualifiedErrorId : NativeCom 
   mandError
 
   Ôû▓ Next.js 16.0.3 (Turbopack)
   - Environments: .env
   - Experiments (use with caution):
     ┬À serverActions

 ÔÜá The "middleware" file convention 
is deprecated. Please use "proxy" 
instead. Learn more: https://nextjs.org/
docs/messages/middleware-to-proxy
   Creating an optimized production build ...
[baseline-browser-mapping] The data in 
this module is over two months old.  To 
ensure accurate Baseline data, please 
update: `npm i 
baseline-browser-mapping@latest -D`
Turbopack build encountered 1 warnings:
./app/api/upload/route.ts:68:14
Next.js can't recognize the exported 
`config` field in route. Page config in 
`config` is deprecated and ignored, use 
individual exports instead.
[0m [90m 66 |[39m
 [90m 67 |[39m [90m// Configuration 
pour accepter les gros fichiers[39m
[31m[1m>[22m[39m[90m 68 |[39m 
[36mexport[39m [36mconst[39m config 
[33m=[39m {
 [90m    |[39m              [31m[1m^
[22m[39m[31m[1m^[22m[39m[31m[1m^
[22m[39m[31m[1m^[22m[39m[31m[1m^
[22m[39m[31m[1m^[22m[39m
 [90m 69 |[39m     api[33m:[39m {
 [90m 70 |[39m         
bodyParser[33m:[39m {
 [90m 71 |[39m             
sizeLimit[33m:[39m 
[32m'50mb'[39m[33m,[39m[0m

The exported configuration object in a 
source file needs to have a very 
specific format from which some 
properties can be statically parsed at 
compiled-time.

Import trace:
  App Route:
    ./app/api/upload/route.ts
    ./app/api/ai-dev/execute/route.ts

https://nextjs.org/docs/app/api-referenc
e/file-conventions/route-segment-config



> Build error occurred
Error: Turbopack build failed with 4 
errors:
./app/shop/[subdomain]/page.tsx:5:1
Module not found: Can't resolve 
'@/components/shop/WhatsAppButton'
[0m [90m 3 |[39m [36mimport[39m { 
prisma } [36mfrom[39m 
[32m'@/lib/prisma'[39m[33m;[39m
 [90m 4 |[39m [36mimport[39m 
[33mLink[39m [36mfrom[39m 
[32m'next/link'[39m[33m;[39m
[31m[1m>[22m[39m[90m 5 |[39m 
[36mimport[39m 
[33mWhatsAppButton[39m [36mfrom[39m 
[32m'@/components/shop/WhatsAppButton'
[39m[33m;[39m
 [90m   |[39m [31m[1m^[22m[39m[31
m[1m^[22m[39m[31m[1m^[22m[39m[31
m[1m^[22m[39m[31m[1m^[22m[39m[31
m[1m^[22m[39m[31m[1m^[22m[39m[31
m[1m^[22m[39m[31m[1m^[22m[39m[31
m[1m^[22m[39m[31m[1m^[22m[39m[31
m[1m^[22m[39m[31m[1m^[22m[39m[31
m[1m^[22m[39m[31m[1m^[22m[39m[31
m[1m^[22m[39m[31m[1m^[22m[39m[31
m[1m^[22m[39m[31m[1m^[22m[39m[31
m[1m^[22m[39m[31m[1m^[22m[39m[31
m[1m^[22m[39m[31m[1m^[22m[39m[31
m[1m^[22m[39m[31m[1m^[22m[39m[31
m[1m^[22m[39m[31m[1m^[22m[39m[31
m[1m^[22m[39m[31m[1m^[22m[39m[31
m[1m^[22m[39m[31m[1m^[22m[39m[31
m[1m^[22m[39m[31m[1m^[22m[39m[31
m[1m^[22m[39m[31m[1m^[22m[39m[31
m[1m^[22m[39m[31m[1m^[22m[39m[31
m[1m^[22m[39m[31m[1m^[22m[39m[31
m[1m^[22m[39m[31m[1m^[22m[39m[31
m[1m^[22m[39m[31m[1m^[22m[39m[31
m[1m^[22m[39m[31m[1m^[22m[39m[31
m[1m^[22m[39m[31m[1m^[22m[39m[31
m[1m^[22m[39m[31m[1m^[22m[39m[31
m[1m^[22m[39m[31m[1m^[22m[39m[31
m[1m^[22m[39m[31m[1m^[22m[39m[31
m[1m^[22m[39m[31m[1m^[22m[39m[31
m[1m^[22m[39m[31m[1m^[22m[39m[31
m[1m^[22m[39m[31m[1m^[22m[39m[31
m[1m^[22m[39m[31m[1m^[22m[39m[31
m[1m^[22m[39m
 [90m 6 |[39m [36mimport[39m 
[33mMessengerButton[39m 
[36mfrom[39m [32m'@/components/shop/M
essengerButton'[39m[33m;[39m
 [90m 7 |[39m [36mimport[39m 
[33mShopAnimations[39m [36mfrom[39m 
[32m'@/components/shop/ShopAnimations'
[39m[33m;[39m
 [90m 8 |[39m [36mimport[39m 
[33mFeaturedReviews[39m 
[36mfrom[39m [32m'@/components/shop/F
eaturedReviews'[39m[33m;[39m[0m

Import map: aliased to relative 
'./components/shop/WhatsAppButton' 
inside of [project]/


Import trace:
  App Route:
    ./app/shop/[subdomain]/page.tsx
    ./app/api/ai-dev/execute/route.ts

https://nextjs.org/docs/messages/module-
not-found


./app/api/admin/listings/[id]/route.ts:3
:1
Export authOptions doesn't exist in 
target module
[0m [90m 1 |[39m [36mimport[39m { 
[33mNextRequest[39m[33m,[39m 
[33mNextResponse[39m } [36mfrom[39m 
[32m'next/server'[39m[33m;[39m
 [90m 2 |[39m [36mimport[39m { 
getServerSession } [36mfrom[39m 
[32m'next-auth'[39m[33m;[39m
[31m[1m>[22m[39m[90m 3 |[39m 
[36mimport[39m { authOptions } 
[36mfrom[39m [32m'../../../auth/[...n
extauth]/route'[39m[33m;[39m
 [90m   |[39m [31m[1m^[22m[39m[31
m[1m^[22m[39m[31m[1m^[22m[39m[31
m[1m^[22m[39m[31m[1m^[22m[39m[31
m[1m^[22m[39m[31m[1m^[22m[39m[31
m[1m^[22m[39m[31m[1m^[22m[39m[31
m[1m^[22m[39m[31m[1m^[22m[39m[31
m[1m^[22m[39m[31m[1m^[22m[39m[31
m[1m^[22m[39m[31m[1m^[22m[39m[31
m[1m^[22m[39m[31m[1m^[22m[39m[31
m[1m^[22m[39m[31m[1m^[22m[39m[31
m[1m^[22m[39m[31m[1m^[22m[39m[31
m[1m^[22m[39m[31m[1m^[22m[39m[31
m[1m^[22m[39m[31m[1m^[22m[39m[31
m[1m^[22m[39m[31m[1m^[22m[39m[31
m[1m^[22m[39m[31m[1m^[22m[39m[31
m[1m^[22m[39m[31m[1m^[22m[39m[31
m[1m^[22m[39m[31m[1m^[22m[39m[31
m[1m^[22m[39m[31m[1m^[22m[39m[31
m[1m^[22m[39m[31m[1m^[22m[39m[31
m[1m^[22m[39m[31m[1m^[22m[39m[31
m[1m^[22m[39m[31m[1m^[22m[39m[31
m[1m^[22m[39m[31m[1m^[22m[39m[31
m[1m^[22m[39m[31m[1m^[22m[39m[31
m[1m^[22m[39m[31m[1m^[22m[39m[31
m[1m^[22m[39m[31m[1m^[22m[39m[31
m[1m^[22m[39m[31m[1m^[22m[39m[31
m[1m^[22m[39m[31m[1m^[22m[39m[31
m[1m^[22m[39m[31m[1m^[22m[39m[31
m[1m^[22m[39m[31m[1m^[22m[39m[31
m[1m^[22m[39m[31m[1m^[22m[39m[31
m[1m^[22m[39m[31m[1m^[22m[39m[31
m[1m^[22m[39m[31m[1m^[22m[39m[31
m[1m^[22m[39m
 [90m 4 |[39m [36mimport[39m { 
prisma } [36mfrom[39m 
[32m'@/lib/prisma'[39m[33m;[39m
 [90m 5 |[39m
 [90m 6 |[39m [90m// Helper function 
to check admin access[39m[0m

The export authOptions was not found in 
module [project]/app/api/auth/[...nextau
th]/route.ts [app-route] (ecmascript).
Did you mean to import POST?
All exports of the module are 
statically known (It doesn't have 
dynamic exports). So it's known 
statically that the requested export 
doesn't exist.

Import trace:
  App Route:
    
./app/api/admin/listings/[id]/route.ts
    ./app/api/ai-dev/execute/route.ts


./app/api/admin/users/[id]/route.ts:3:1
Export authOptions doesn't exist in 
target module
[0m [90m 1 |[39m [36mimport[39m { 
[33mNextRequest[39m[33m,[39m 
[33mNextResponse[39m } [36mfrom[39m 
[32m'next/server'[39m[33m;[39m
 [90m 2 |[39m [36mimport[39m { 
getServerSession } [36mfrom[39m 
[32m'next-auth'[39m[33m;[39m
[31m[1m>[22m[39m[90m 3 |[39m 
[36mimport[39m { authOptions } 
[36mfrom[39m [32m'../../../auth/[...n
extauth]/route'[39m[33m;[39m
 [90m   |[39m [31m[1m^[22m[39m[31
m[1m^[22m[39m[31m[1m^[22m[39m[31
m[1m^[22m[39m[31m[1m^[22m[39m[31
m[1m^[22m[39m[31m[1m^[22m[39m[31
m[1m^[22m[39m[31m[1m^[22m[39m[31
m[1m^[22m[39m[31m[1m^[22m[39m[31
m[1m^[22m[39m[31m[1m^[22m[39m[31
m[1m^[22m[39m[31m[1m^[22m[39m[31
m[1m^[22m[39m[31m[1m^[22m[39m[31
m[1m^[22m[39m[31m[1m^[22m[39m[31
m[1m^[22m[39m[31m[1m^[22m[39m[31
m[1m^[22m[39m[31m[1m^[22m[39m[31
m[1m^[22m[39m[31m[1m^[22m[39m[31
m[1m^[22m[39m[31m[1m^[22m[39m[31
m[1m^[22m[39m[31m[1m^[22m[39m[31
m[1m^[22m[39m[31m[1m^[22m[39m[31
m[1m^[22m[39m[31m[1m^[22m[39m[31
m[1m^[22m[39m[31m[1m^[22m[39m[31
m[1m^[22m[39m[31m[1m^[22m[39m[31
m[1m^[22m[39m[31m[1m^[22m[39m[31
m[1m^[22m[39m[31m[1m^[22m[39m[31
m[1m^[22m[39m[31m[1m^[22m[39m[31
m[1m^[22m[39m[31m[1m^[22m[39m[31
m[1m^[22m[39m[31m[1m^[22m[39m[31
m[1m^[22m[39m[31m[1m^[22m[39m[31
m[1m^[22m[39m[31m[1m^[22m[39m[31
m[1m^[22m[39m[31m[1m^[22m[39m[31
m[1m^[22m[39m[31m[1m^[22m[39m[31
m[1m^[22m[39m[31m[1m^[22m[39m[31
m[1m^[22m[39m[31m[1m^[22m[39m[31
m[1m^[22m[39m[31m[1m^[22m[39m[31
m[1m^[22m[39m[31m[1m^[22m[39m[31
m[1m^[22m[39m
 [90m 4 |[39m [36mimport[39m { 
prisma } [36mfrom[39m 
[32m'@/lib/prisma'[39m[33m;[39m
 [90m 5 |[39m
 [90m 6 |[39m [90m// Helper function 
to check admin access[39m[0m

The export authOptions was not found in 
module [project]/app/api/auth/[...nextau
th]/route.ts [app-route] (ecmascript).
Did you mean to import POST?
All exports of the module are 
statically known (It doesn't have 
dynamic exports). So it's known 
statically that the requested export 
doesn't exist.

Import trace:
  App Route:
    ./app/api/admin/users/[id]/route.ts
    ./app/api/ai-dev/execute/route.ts


./app/api/conversations/[id]/messages/ro
ute.ts:3:1
Export authOptions doesn't exist in 
target module
[0m [90m 1 |[39m [36mimport[39m { 
[33mNextRequest[39m[33m,[39m 
[33mNextResponse[39m } [36mfrom[39m 
[32m'next/server'[39m[33m;[39m
 [90m 2 |[39m [36mimport[39m { 
getServerSession } [36mfrom[39m 
[32m'next-auth'[39m[33m;[39m
[31m[1m>[22m[39m[90m 3 |[39m 
[36mimport[39m { authOptions } 
[36mfrom[39m [32m'../../../auth/[...n
extauth]/route'[39m[33m;[39m
 [90m   |[39m [31m[1m^[22m[39m[31
m[1m^[22m[39m[31m[1m^[22m[39m[31
m[1m^[22m[39m[31m[1m^[22m[39m[31
m[1m^[22m[39m[31m[1m^[22m[39m[31
m[1m^[22m[39m[31m[1m^[22m[39m[31
m[1m^[22m[39m[31m[1m^[22m[39m[31
m[1m^[22m[39m[31m[1m^[22m[39m[31
m[1m^[22m[39m[31m[1m^[22m[39m[31
m[1m^[22m[39m[31m[1m^[22m[39m[31
m[1m^[22m[39m[31m[1m^[22m[39m[31
m[1m^[22m[39m[31m[1m^[22m[39m[31
m[1m^[22m[39m[31m[1m^[22m[39m[31
m[1m^[22m[39m[31m[1m^[22m[39m[31
m[1m^[22m[39m[31m[1m^[22m[39m[31
m[1m^[22m[39m[31m[1m^[22m[39m[31
m[1m^[22m[39m[31m[1m^[22m[39m[31
m[1m^[22m[39m[31m[1m^[22m[39m[31
m[1m^[22m[39m[31m[1m^[22m[39m[31
m[1m^[22m[39m[31m[1m^[22m[39m[31
m[1m^[22m[39m[31m[1m^[22m[39m[31
m[1m^[22m[39m[31m[1m^[22m[39m[31
m[1m^[22m[39m[31m[1m^[22m[39m[31
m[1m^[22m[39m[31m[1m^[22m[39m[31
m[1m^[22m[39m[31m[1m^[22m[39m[31
m[1m^[22m[39m[31m[1m^[22m[39m[31
m[1m^[22m[39m[31m[1m^[22m[39m[31
m[1m^[22m[39m[31m[1m^[22m[39m[31
m[1m^[22m[39m[31m[1m^[22m[39m[31
m[1m^[22m[39m[31m[1m^[22m[39m[31
m[1m^[22m[39m[31m[1m^[22m[39m[31
m[1m^[22m[39m[31m[1m^[22m[39m[31
m[1m^[22m[39m[31m[1m^[22m[39m[31
m[1m^[22m[39m
 [90m 4 |[39m [36mimport[39m { 
prisma } [36mfrom[39m 
[32m'@/lib/prisma'[39m[33m;[39m
 [90m 5 |[39m
 [90m 6 |[39m [36mexport[39m 
[36masync[39m [36mfunction[39m 
[33mGET[39m([0m

The export authOptions was not found in 
module [project]/app/api/auth/[...nextau
th]/route.ts [app-route] (ecmascript).
Did you mean to import POST?
All exports of the module are 
statically known (It doesn't have 
dynamic exports). So it's known 
statically that the requested export 
doesn't exist.

Import trace:
  App Route:
    ./app/api/conversations/[id]/message
s/route.ts
    ./app/api/ai-dev/execute/route.ts


    at <unknown> 
(./app/shop/[subdomain]/page.tsx:5:1)
    at <unknown> (https://nextjs.org/doc
s/messages/module-not-found)
    at <unknown> (./app/api/admin/listin
gs/[id]/route.ts:3:1)
    at <unknown> (./app/api/admin/users/
[id]/route.ts:3:1)
    at <unknown> (./app/api/conversation
s/[id]/messages/route.ts:3:1)
